%!Adobe-FontList 1.23
%Locale:0x409

%BeginFont
Handler:DirectoryHandler
FontType:Invalid
OutlineFileName:/Users/heathercarlson2/Desktop/FY24 Campaign Volunteer Summit Handbook FULL Folder/Document fonts/AdobeFnt23.lst
FileLength:3069
FileModTime:722889448
%EndFont

%BeginFont
Handler:DirectoryHandler
FontType:Type1
FontName:Gotham-Black
FamilyName:Gotham
StyleName:Black
MenuName:Gotham Black
StyleBits:0
WeightClass:450
WidthClass:5
AngleClass:0
FullName:Gotham Black
WritingScript:Roman
OutlineFileName:/Users/heathercarlson2/Desktop/FY24 Campaign Volunteer Summit Handbook FULL Folder/Document fonts/Gotham-Black.otf
DataFormat:sfntData
UsesStandardEncoding:yes
isCFF:yes
hasSVG:no
hasCOLR:no
VariableFontType:NonVariableFont
FileLength:165580
FileModTime:242857842
NameArray:0,Mac,4,Gotham Black
NameArray:0,Win,1,Gotham Black
NameArray:0,Win,16,Gotham
%EndFont

%BeginFont
Handler:DirectoryHandler
FontType:Type1
FontName:Gotham-BoldItalic
FamilyName:Gotham
StyleName:Bold Italic
MenuName:Gotham Bold
StyleBits:1
WeightClass:400
WidthClass:5
AngleClass:1
FullName:Gotham Bold Italic
WritingScript:Roman
OutlineFileName:/Users/heathercarlson2/Desktop/FY24 Campaign Volunteer Summit Handbook FULL Folder/Document fonts/Gotham-BoldItalic.otf
DataFormat:sfntData
UsesStandardEncoding:yes
isCFF:yes
hasSVG:no
hasCOLR:no
VariableFontType:NonVariableFont
FileLength:57260
FileModTime:652818218
NameArray:0,Mac,4,Gotham Bold Italic
NameArray:0,Win,1,Gotham Bold
NameArray:0,Win,16,Gotham
%EndFont

%BeginFont
Handler:DirectoryHandler
FontType:Type1
FontName:Gotham-Bold
FamilyName:Gotham
StyleName:Bold
MenuName:Gotham Bold
StyleBits:0
WeightClass:400
WidthClass:5
AngleClass:0
FullName:Gotham Bold
WritingScript:Roman
OutlineFileName:/Users/heathercarlson2/Desktop/FY24 Campaign Volunteer Summit Handbook FULL Folder/Document fonts/Gotham-Bold_0.otf
DataFormat:sfntData
UsesStandardEncoding:yes
isCFF:yes
hasSVG:no
hasCOLR:no
VariableFontType:NonVariableFont
FileLength:99140
FileModTime:506038724
NameArray:0,Mac,4,Gotham Bold
NameArray:0,Win,1,Gotham Bold
NameArray:0,Win,16,Gotham
%EndFont

%BeginFont
Handler:DirectoryHandler
FontType:Type1
FontName:Gotham-Book
FamilyName:Gotham
StyleName:Book
MenuName:Gotham Book
StyleBits:0
WeightClass:325
WidthClass:5
AngleClass:0
FullName:Gotham Book
WritingScript:Roman
OutlineFileName:/Users/heathercarlson2/Desktop/FY24 Campaign Volunteer Summit Handbook FULL Folder/Document fonts/Gotham-Book.otf
DataFormat:sfntData
UsesStandardEncoding:yes
isCFF:yes
hasSVG:no
hasCOLR:no
VariableFontType:NonVariableFont
FileLength:57460
FileModTime:652818180
NameArray:0,Mac,4,Gotham Book
NameArray:0,Win,1,Gotham Book
NameArray:0,Win,16,Gotham
%EndFont

%BeginFont
Handler:DirectoryHandler
FontType:Type1
FontName:Gotham-Medium
FamilyName:Gotham
StyleName:Medium
MenuName:Gotham Medium
StyleBits:0
WeightClass:350
WidthClass:5
AngleClass:0
FullName:Gotham Medium
WritingScript:Roman
OutlineFileName:/Users/heathercarlson2/Desktop/FY24 Campaign Volunteer Summit Handbook FULL Folder/Document fonts/Gotham-Medium.otf
DataFormat:sfntData
UsesStandardEncoding:yes
isCFF:yes
hasSVG:no
hasCOLR:no
VariableFontType:NonVariableFont
FileLength:58348
FileModTime:652818164
NameArray:0,Mac,4,Gotham Medium
NameArray:0,Win,1,Gotham Medium
NameArray:0,Win,16,Gotham
%EndFont

